// Vitest Snapshot v1, https://vitest.dev/guide/snapshot.html

exports[`ErrorRender Component Testing > Render Test 1`] = `
<div
  class="error"
>
  <h2
    class="error__title"
  >
    Ha ocurrido un error en la conexión con el servidor
  </h2>
  <h3
    class="error__desc"
  >
    Compruebe la conexión o inténtelo mas tarde
  </h3>
</div>
`;
