// Vitest Snapshot v1, https://vitest.dev/guide/snapshot.html

exports[`FakeList Component Testing > Render Test 1`] = `
<ul
  class="fake-list"
>
  <li
    class="fake-item"
  >
    <div
      class="fake-item__img"
    />
    <div
      class="fake-item__name"
    />
  </li>
  <li
    class="fake-item"
  >
    <div
      class="fake-item__img"
    />
    <div
      class="fake-item__name"
    />
  </li>
  <li
    class="fake-item"
  >
    <div
      class="fake-item__img"
    />
    <div
      class="fake-item__name"
    />
  </li>
  <li
    class="fake-item"
  >
    <div
      class="fake-item__img"
    />
    <div
      class="fake-item__name"
    />
  </li>
  <li
    class="fake-item"
  >
    <div
      class="fake-item__img"
    />
    <div
      class="fake-item__name"
    />
  </li>
  <li
    class="fake-item"
  >
    <div
      class="fake-item__img"
    />
    <div
      class="fake-item__name"
    />
  </li>
  <li
    class="fake-item"
  >
    <div
      class="fake-item__img"
    />
    <div
      class="fake-item__name"
    />
  </li>
  <li
    class="fake-item"
  >
    <div
      class="fake-item__img"
    />
    <div
      class="fake-item__name"
    />
  </li>
  <li
    class="fake-item"
  >
    <div
      class="fake-item__img"
    />
    <div
      class="fake-item__name"
    />
  </li>
  <li
    class="fake-item"
  >
    <div
      class="fake-item__img"
    />
    <div
      class="fake-item__name"
    />
  </li>
  <li
    class="fake-item"
  >
    <div
      class="fake-item__img"
    />
    <div
      class="fake-item__name"
    />
  </li>
  <li
    class="fake-item"
  >
    <div
      class="fake-item__img"
    />
    <div
      class="fake-item__name"
    />
  </li>
  <li
    class="fake-item"
  >
    <div
      class="fake-item__img"
    />
    <div
      class="fake-item__name"
    />
  </li>
  <li
    class="fake-item"
  >
    <div
      class="fake-item__img"
    />
    <div
      class="fake-item__name"
    />
  </li>
  <li
    class="fake-item"
  >
    <div
      class="fake-item__img"
    />
    <div
      class="fake-item__name"
    />
  </li>
  <li
    class="fake-item"
  >
    <div
      class="fake-item__img"
    />
    <div
      class="fake-item__name"
    />
  </li>
  <li
    class="fake-item"
  >
    <div
      class="fake-item__img"
    />
    <div
      class="fake-item__name"
    />
  </li>
  <li
    class="fake-item"
  >
    <div
      class="fake-item__img"
    />
    <div
      class="fake-item__name"
    />
  </li>
  <li
    class="fake-item"
  >
    <div
      class="fake-item__img"
    />
    <div
      class="fake-item__name"
    />
  </li>
  <li
    class="fake-item"
  >
    <div
      class="fake-item__img"
    />
    <div
      class="fake-item__name"
    />
  </li>
</ul>
`;
