// Vitest Snapshot v1, https://vitest.dev/guide/snapshot.html

exports[`Search Component Testing > Render Test Without Children 1`] = `
<header
  class="poke-header"
>
  <div
    class="title"
  >
    <img
      alt="Pokedex img"
      class="title__img"
      src="https://share.google/images/usZHFptpXyMCcNhWR"
    />
    <h1
      class="title__text"
    >
      Pokedex
    </h1>
  </div>
</header>
`;
